
Memory Configuration

Name             Origin             Length             Attributes
FLASH            0x00100000         0x00040000         xr
DATA             0x00200000         0x00010000         rw
STACK            0x00210000         0x00000000         rw
*default*        0x00000000         0xffffffff

Linker script and memory map

                0x00000000                . = 0x0

.text           0x00100000      0x854
 *Cstartup.o(.text)
 .text          0x00100000      0x13c Cstartup.o
                0x00100000                _startup
                0x001000b8                exit
                0x001000bc                IRQ_Handler_Entry
                0x0010010c                AT91F_Default_FIQ_handler
                0x00100110                AT91F_Default_IRQ_handler
                0x00100114                AT91F_Spurious_handler
 *(.text)
 .text          0x0010013c       0xb0 main.o
                0x0010013c                main
 .text          0x001001ec      0x15c Cstartup_SAM7.o
                0x001001ec                AT91F_LowLevelInit
 .text          0x00100348      0x25c init.o
                0x00100348                DefaultInterruptHandler
                0x0010034c                SpuriousInterruptHandler
                0x00100350                PanicBlinker
                0x0010045c                InitController
 .text          0x001005a4      0x2b0 lcd.o
                0x001005a4                initLCD
                0x001006d0                writeInstruction
                0x00100840                writeData
 *(.glue_7t)
 .glue_7t       0x00000000        0x0 linker stubs
 *(.glue_7)
 .glue_7        0x00000000        0x0 linker stubs

.vfp11_veneer   0x00100854        0x0
 .vfp11_veneer  0x00000000        0x0 linker stubs

.v4_bx          0x00100854        0x0
 .v4_bx         0x00000000        0x0 linker stubs
                0x00100854                . = ALIGN (0x4)

.rodata
 *(.rodata)
                0x00100854                . = ALIGN (0x4)
                0x00100854                _etext = .
                0x00100854                PROVIDE (etext, .)

.data           0x00200000        0x0 load address 0x00100854
                0x00200000                _data = .
 *(.data)
 .data          0x00200000        0x0 Cstartup.o
 .data          0x00200000        0x0 main.o
 .data          0x00200000        0x0 Cstartup_SAM7.o
 .data          0x00200000        0x0 init.o
 .data          0x00200000        0x0 lcd.o
                0x00200000                . = ALIGN (0x4)
                0x00200000                _edata = .
                0x00200000                PROVIDE (edata, .)

.bss            0x00200000        0x0 load address 0x00100854
                0x00200000                __bss_start = .
                0x00200000                __bss_start__ = .
 *(.bss)
 .bss           0x00200000        0x0 Cstartup.o
 .bss           0x00200000        0x0 main.o
 .bss           0x00200000        0x0 Cstartup_SAM7.o
 .bss           0x00200000        0x0 init.o
 .bss           0x00200000        0x0 lcd.o
 *(COMMON)
                0x00200000                . = ALIGN (0x4)
                0x00200000                __bss_end__ = .
                0x00200000                __bss_end__ = .
                0x00200000                _end = .
                0x00200000                PROVIDE (end, .)
                0x00200000                . = ALIGN (0x4)

.int_data       0x00210000        0x0
 *(.internal_ram_top)
 .internal_ram_top
                0x00210000        0x0 Cstartup.o

.stab
 *(.stab)

.stabstr
 *(.stabstr)

.stab.excl
 *(.stab.excl)

.stab.exclstr
 *(.stab.exclstr)

.stab.index
 *(.stab.index)

.stab.indexstr
 *(.stab.indexstr)

.reset          0x00000000        0x0
 .reset         0x00000000        0x0 Cstartup.o

.ARM.attributes
                0x00000000       0x10
 .ARM.attributes
                0x00000000       0x10 Cstartup.o
 .ARM.attributes
                0x00000010       0x10 main.o
 .ARM.attributes
                0x00000020       0x10 Cstartup_SAM7.o
 .ARM.attributes
                0x00000030       0x10 init.o
 .ARM.attributes
                0x00000040       0x10 lcd.o

.comment        0x00000000       0x11
 *(.comment)
 .comment       0x00000000       0x11 main.o
                                 0x12 (size before relaxing)
 .comment       0x00000000       0x12 Cstartup_SAM7.o
 .comment       0x00000000       0x12 init.o
 .comment       0x00000000       0x12 lcd.o

.debug
 *(.debug)

.line
 *(.line)

.debug_srcinfo
 *(.debug_srcinfo)

.debug_sfnames
 *(.debug_sfnames)

.debug_aranges  0x00000000       0xa0
 *(.debug_aranges)
 .debug_aranges
                0x00000000       0x20 Cstartup.o
 .debug_aranges
                0x00000020       0x20 main.o
 .debug_aranges
                0x00000040       0x20 Cstartup_SAM7.o
 .debug_aranges
                0x00000060       0x20 init.o
 .debug_aranges
                0x00000080       0x20 lcd.o

.debug_pubnames
                0x00000000       0xf4
 *(.debug_pubnames)
 .debug_pubnames
                0x00000000       0x1b main.o
 .debug_pubnames
                0x0000001b       0x29 Cstartup_SAM7.o
 .debug_pubnames
                0x00000044       0x6f init.o
 .debug_pubnames
                0x000000b3       0x41 lcd.o

.debug_info     0x00000000     0x134d
 *(.debug_info .gnu.linkonce.wi.*)
 .debug_info    0x00000000       0x5a Cstartup.o
 .debug_info    0x0000005a      0x335 main.o
 .debug_info    0x0000038f      0x473 Cstartup_SAM7.o
 .debug_info    0x00000802      0x7e6 init.o
 .debug_info    0x00000fe8      0x365 lcd.o

.debug_abbrev   0x00000000      0x3ad
 *(.debug_abbrev)
 .debug_abbrev  0x00000000       0x14 Cstartup.o
 .debug_abbrev  0x00000014       0xcb main.o
 .debug_abbrev  0x000000df       0xe0 Cstartup_SAM7.o
 .debug_abbrev  0x000001bf      0x10d init.o
 .debug_abbrev  0x000002cc       0xe1 lcd.o

.debug_line     0x00000000      0x311
 *(.debug_line)
 .debug_line    0x00000000       0x8a Cstartup.o
 .debug_line    0x0000008a       0x69 main.o
 .debug_line    0x000000f3       0x97 Cstartup_SAM7.o
 .debug_line    0x0000018a       0xc8 init.o
 .debug_line    0x00000252       0xbf lcd.o

.debug_frame    0x00000000       0xf8
 *(.debug_frame)
 .debug_frame   0x00000000       0x2c main.o
 .debug_frame   0x0000002c       0x24 Cstartup_SAM7.o
 .debug_frame   0x00000050       0x58 init.o
 .debug_frame   0x000000a8       0x50 lcd.o

.debug_str      0x00000000      0x492
 *(.debug_str)
 .debug_str     0x00000000      0x1d8 main.o
                                0x1f1 (size before relaxing)
 .debug_str     0x000001d8      0x1e4 Cstartup_SAM7.o
                                0x256 (size before relaxing)
 .debug_str     0x000003bc       0x92 init.o
                                0x438 (size before relaxing)
 .debug_str     0x0000044e       0x44 lcd.o
                                0x22f (size before relaxing)

.debug_loc      0x00000000       0xec
 *(.debug_loc)
 .debug_loc     0x00000000       0x2c main.o
 .debug_loc     0x0000002c       0x20 Cstartup_SAM7.o
 .debug_loc     0x0000004c       0x40 init.o
 .debug_loc     0x0000008c       0x60 lcd.o

.debug_macinfo
 *(.debug_macinfo)

.debug_weaknames
 *(.debug_weaknames)

.debug_funcnames
 *(.debug_funcnames)

.debug_typenames
 *(.debug_typenames)

.debug_varnames
 *(.debug_varnames)
LOAD Cstartup.o
LOAD main.o
LOAD Cstartup_SAM7.o
LOAD init.o
LOAD lcd.o
OUTPUT(main.elf elf32-littlearm)

.debug_pubtypes
                0x00000000      0x1d1
 .debug_pubtypes
                0x00000000       0x30 main.o
 .debug_pubtypes
                0x00000030       0x8a Cstartup_SAM7.o
 .debug_pubtypes
                0x000000ba       0xd2 init.o
 .debug_pubtypes
                0x0000018c       0x45 lcd.o
